"0";"1";"University of Oxford";"/world-university-rankings/university-oxford";"United Kingdom";"94.3";;"99.5";;"63.7";"95.0"
