"0";"1";"University of Oxford";"/world-university-rankings/university-oxford";"United Kingdom";"94.3";"86.7";"99.5";"99.1";"63.7";"95.0"
"1";"2";"University of Cambridge";"/world-university-rankings/university-cambridge";"United Kingdom";"93.2";"87.8";"97.8";"97.5";"51.5";"93.0"
"2";"=3";"California Institute of Technology";"/world-university-rankings/california-institute-technology-caltech";"United States";"93.0";"90.3";"97.5";"99.5";"92.6";"59.7"
"3";"=3";"Stanford University";"/world-university-rankings/stanford-university";"United States";"93.0";"89.1";"96.7";"99.9";"60.5";"77.6"
"4";"5";"Massachusetts Institute of Technology";"/world-university-rankings/massachusetts-institute-technology";"United States";"92.5";"87.3";"91.9";"100.0";"88.4";"87.6"
"5";"6";"Harvard University";"/world-university-rankings/harvard-university";"United States";"91.8";"84.2";"98.4";"99.7";"46.4";"79.7"
"6";"7";"Princeton University";"/world-university-rankings/princeton-university";"United States";"91.1";"85.7";"93.9";"99.6";"58.0";"78.7"
"7";"8";"Imperial College London";"/world-university-rankings/imperial-college-london";"United Kingdom";"89.2";"81.7";"88.7";"96.7";"71.6";"96.6"
"8";"9";"The University of Chicago";"/world-university-rankings/university-chicago";"United States";"88.6";"85.3";"90.1";"99.4";"39.8";"69.6"
"9";"=10";"ETH Zurich";"/world-university-rankings/eth-zurich";"Switzerland";"87.7";"76.4";"92.0";"94.3";"60.3";"98.1"